A51 MACRO ASSEMBLER  DESCENDING                                                           05/08/2021 11:44:49 PAGE     1


MACRO ASSEMBLER A51 V8.2.7.0
OBJECT MODULE PLACED IN .\Objects\descending.obj
ASSEMBLER INVOKED BY: C:\Keil_v5\C51\BIN\A51.EXE descending.asm SET(SMALL) DEBUG PRINT(.\Listings\descending.lst) OBJECT
                      (.\Objects\descending.obj) EP

LOC  OBJ            LINE     SOURCE

0000                   1     ORG 0000H
0000 802E              2             SJMP 30H
0030                   3     ORG 30H
0030 7B05              4             MOV R3, #05H
0032 7830              5             L4: MOV R0, #30H
0034 7A05              6             MOV R2, #05H
0036 E6                7             L3: MOV A, @R0
0037 08                8             INC R0
0038 86F0              9             MOV B, @R0
003A B5F000           10             CJNE A, B, L1
003D 4005             11             L1: JC L2 ; JNC-descending, JC - ascending
003F F6               12             MOV @R0, A
0040 18               13             DEC R0
0041 A6F0             14             MOV @R0, B
0043 08               15             INC R0
0044 DAF0             16             L2: DJNZ R2, L3
0046 DBEA             17             DJNZ R3, L4
                      18             END
A51 MACRO ASSEMBLER  DESCENDING                                                           05/08/2021 11:44:49 PAGE     2

SYMBOL TABLE LISTING
------ ----- -------


N A M E             T Y P E  V A L U E   ATTRIBUTES

B. . . . . . . . .  D ADDR   00F0H   A   
L1 . . . . . . . .  C ADDR   003DH   A   
L2 . . . . . . . .  C ADDR   0044H   A   
L3 . . . . . . . .  C ADDR   0036H   A   
L4 . . . . . . . .  C ADDR   0032H   A   


REGISTER BANK(S) USED: 0 


ASSEMBLY COMPLETE.  0 WARNING(S), 0 ERROR(S)
